ASP.NET/PublisherPolicy/2.x
ASP.NET/SQL
ASP.NET/bin/2.x
ASP.NET/doc
BIN
LIB
MMC Snap-Ins
MMC Snap-Ins/Administration Assistant
MMC Snap-Ins/Performance Monitor
MMC Snap-Ins/Primary Snap-In
MMC Snap-Ins/Primary Snap-In/HTML/OAA/US
NETWORK/ADMIN/SAMPLE
ODP.NET/bin/2.x
OPatch
OPatch/docs
OPatch/jlib
OPatch/ocm
OPatch/ocm/bin
OPatch/ocm/doc
OPatch/ocm/lib
OPatch/opatchprereqs
OPatch/opatchprereqs/opatch
OPatch/opatchprereqs/oui
RDBMS/ADMIN
RDBMS/XA
assistants/bin
assistants/images
assistants/jlib
assistants/netca
assistants/netca/doc
assistants/netca/images
assistants/netca/jlib
bin
clone/bin
clone/config
crs/install
crs/mesg
crs/sbs
csmig/mesg
css/mesg
cv/admin
cv/cvdata
cv/cvdata/10gr1
cv/cvdata/10gr2
cv/cvdata/11gr1
cv/cvdata/11gr2
cv/remenv
data
data/wallet
dbs
dc_ocm
deinstall
deinstall/bin
deinstall/jlib
deinstall/response
deinstall/utl
diagnostics/config/registration
has/mesg
hs/admin
install
install/config
instantclient
instantclient/light
inventory/response
javavm/doc
javavm/install/sbs
javavm/jahome
javavm/lib
jdbc
jdbc/lib
jdk
jdk/bin
jdk/include
jdk/include/win32
jdk/jre
jdk/jre/bin
jdk/jre/bin/client
jdk/jre/bin/server
jdk/jre/lib
jdk/jre/lib/audio
jdk/jre/lib/cmm
jdk/jre/lib/deploy
jdk/jre/lib/ext
jdk/jre/lib/fonts
jdk/jre/lib/i386
jdk/jre/lib/im
jdk/jre/lib/images/cursors
jdk/jre/lib/javaws
jdk/jre/lib/management
jdk/jre/lib/security
jdk/jre/lib/zi
jdk/jre/lib/zi/Africa
jdk/jre/lib/zi/America
jdk/jre/lib/zi/America/Argentina
jdk/jre/lib/zi/America/Indiana
jdk/jre/lib/zi/America/Kentucky
jdk/jre/lib/zi/America/North_Dakota
jdk/jre/lib/zi/Antarctica
jdk/jre/lib/zi/Asia
jdk/jre/lib/zi/Atlantic
jdk/jre/lib/zi/Australia
jdk/jre/lib/zi/Etc
jdk/jre/lib/zi/Europe
jdk/jre/lib/zi/Indian
jdk/jre/lib/zi/Pacific
jdk/jre/lib/zi/SystemV
jdk/jre/lib\applet
jdk/lib
jlib
jpub
jpub/sql
jre/1.5.0
jre/1.5.0/bin
jre/1.5.0/bin/client
jre/1.5.0/bin/server
jre/1.5.0/lib
jre/1.5.0/lib/audio
jre/1.5.0/lib/cmm
jre/1.5.0/lib/ext
jre/1.5.0/lib/fonts
jre/1.5.0/lib/i386
jre/1.5.0/lib/im
jre/1.5.0/lib/images/cursors
jre/1.5.0/lib/javaws
jre/1.5.0/lib/management
jre/1.5.0/lib/security
jre/1.5.0/lib/zi
jre/1.5.0/lib/zi/Africa
jre/1.5.0/lib/zi/America
jre/1.5.0/lib/zi/America/Argentina
jre/1.5.0/lib/zi/America/Indiana
jre/1.5.0/lib/zi/America/Kentucky
jre/1.5.0/lib/zi/America/North_Dakota
jre/1.5.0/lib/zi/Antarctica
jre/1.5.0/lib/zi/Asia
jre/1.5.0/lib/zi/Atlantic
jre/1.5.0/lib/zi/Australia
jre/1.5.0/lib/zi/Etc
jre/1.5.0/lib/zi/Europe
jre/1.5.0/lib/zi/Indian
jre/1.5.0/lib/zi/Pacific
jre/1.5.0/lib/zi/SystemV
ldap/admin
ldap/install
ldap/lib
ldap/mesg
ldap/odi/conf
ldap/oidadmin
ldap/public
ldap/schema
ldap/schema/ad
ldap/schema/oid
lib
network/admin/sample
network/doc
network/install
network/install/sbs
network/jlib
network/mesg
network/tools
network/tools/help/mgr/help
network/tools/images
nls/csscan/sql
nls/data
nls/data/old
nls/lbuilder
nls/lbuilder/jlib
nls/mesg
oci/include
oci/lib/msvc
oci/lib/msvc/vc8
oci/lib/msvc/vc9
odbc/html
odbc/mesg
odp.net/PublisherPolicy/2.x
odp.net/bin/2.x
odp.net/doc
odp.net/help
olap
olap/api/doc
olap/api/lib
olap/awm
olap/jlib
olap/wrksht
oledb
oledb/include
oledb/lib
oledb/mesg
opmn/bin
opmn/conf
opmn/lib
opmn/mesg
oraconfig
oracore/mesg
oracore/zoneinfo
oracore/zoneinfo/big
oracore/zoneinfo/little
ord/Annotator/lib
ord/Annotator/lib/conf
ord/Annotator/lib/descriptors/annotations
ord/Annotator/lib/descriptors/parsers
ord/im/admin
ord/im/javadoc
ord/jlib
oui
oui/bin
oui/bin/resource
oui/instImages
oui/jlib
oui/lib/win32
oui/schema
owm/install
owm/jlib
perl/bin
perl/bin_tmp
perl/html/lib
perl/html/lib/Archive
perl/html/lib/Archive/Tar
perl/html/lib/Attribute
perl/html/lib/Attribute/Handlers/demo
perl/html/lib/B
perl/html/lib/CGI
perl/html/lib/CPAN
perl/html/lib/CPAN/API
perl/html/lib/CPANPLUS
perl/html/lib/CPANPLUS/Backend
perl/html/lib/CPANPLUS/Configure
perl/html/lib/CPANPLUS/Dist
perl/html/lib/CPANPLUS/Dist/Build
perl/html/lib/CPANPLUS/Internals
perl/html/lib/CPANPLUS/Internals/Constants
perl/html/lib/CPANPLUS/Internals/Utils
perl/html/lib/CPANPLUS/Module
perl/html/lib/CPANPLUS/Module/Author
perl/html/lib/CPANPLUS/Shell
perl/html/lib/CPANPLUS/Shell/Default/Plugins
perl/html/lib/Carp
perl/html/lib/Class
perl/html/lib/Compress
perl/html/lib/Compress/Raw
perl/html/lib/Config
perl/html/lib/DBM_Filter
perl/html/lib/Data
perl/html/lib/Devel
perl/html/lib/Digest
perl/html/lib/Encode
perl/html/lib/Encode/CN
perl/html/lib/Encode/JP
perl/html/lib/Encode/KR
perl/html/lib/Encode/MIME
perl/html/lib/Encode/MIME/Header
perl/html/lib/Encode/Unicode
perl/html/lib/Exporter
perl/html/lib/ExtUtils
perl/html/lib/ExtUtils/CBuilder
perl/html/lib/ExtUtils/CBuilder/Platform
perl/html/lib/ExtUtils/Command
perl/html/lib/ExtUtils/Constant
perl/html/lib/ExtUtils/Liblist
perl/html/lib/ExtUtils/MakeMaker
perl/html/lib/File
perl/html/lib/File/Spec
perl/html/lib/Filter
perl/html/lib/Filter/Util
perl/html/lib/Getopt
perl/html/lib/Hash
perl/html/lib/Hash/Util
perl/html/lib/I18N
perl/html/lib/I18N/LangTags
perl/html/lib/IO
perl/html/lib/IO/Compress
perl/html/lib/IO/Compress/Adapter
perl/html/lib/IO/Compress/Base
perl/html/lib/IO/Compress/Gzip
perl/html/lib/IO/Compress/Zip
perl/html/lib/IO/Compress/Zlib
perl/html/lib/IO/Socket
perl/html/lib/IO/Uncompress
perl/html/lib/IO/Uncompress/Adapter
perl/html/lib/IPC
perl/html/lib/List
perl/html/lib/Locale
perl/html/lib/Locale/Maketext
perl/html/lib/Log
perl/html/lib/Log/Message
perl/html/lib/MIME
perl/html/lib/Math
perl/html/lib/Math/BigFloat
perl/html/lib/Math/BigInt
perl/html/lib/Memoize
perl/html/lib/Module
perl/html/lib/Module/Build
perl/html/lib/Module/Build/Platform
perl/html/lib/Module/Load
perl/html/lib/Module/Pluggable
perl/html/lib/Net
perl/html/lib/Net/FTP
perl/html/lib/Object
perl/html/lib/Package
perl/html/lib/Params
perl/html/lib/PerlIO
perl/html/lib/PerlIO/via
perl/html/lib/Pod
perl/html/lib/Pod/Perldoc
perl/html/lib/Pod/Simple
perl/html/lib/Pod/Text
perl/html/lib/Scalar
perl/html/lib/Search
perl/html/lib/Sys
perl/html/lib/Term
perl/html/lib/Term/UI
perl/html/lib/Test
perl/html/lib/Test/Builder
perl/html/lib/Test/Builder/Tester
perl/html/lib/Test/Harness
perl/html/lib/Text
perl/html/lib/Thread
perl/html/lib/Tie
perl/html/lib/Tie/Hash
perl/html/lib/Time
perl/html/lib/Unicode
perl/html/lib/User
perl/html/lib/Win32API
perl/html/lib/XS
perl/html/lib/encoding
perl/html/lib/threads
perl/html/lib/warnings
perl/html/pod
perl/lib
perl/lib/Archive
perl/lib/Archive/Tar
perl/lib/Attribute
perl/lib/B
perl/lib/CGI
perl/lib/CORE
perl/lib/CORE/arpa
perl/lib/CORE/sys
perl/lib/CPAN
perl/lib/CPAN/API
perl/lib/CPAN/Kwalify
perl/lib/CPANPLUS
perl/lib/CPANPLUS/Backend
perl/lib/CPANPLUS/Configure
perl/lib/CPANPLUS/Dist
perl/lib/CPANPLUS/Dist/Build
perl/lib/CPANPLUS/Internals
perl/lib/CPANPLUS/Internals/Constants
perl/lib/CPANPLUS/Internals/Utils
perl/lib/CPANPLUS/Module
perl/lib/CPANPLUS/Module/Author
perl/lib/CPANPLUS/Shell
perl/lib/CPANPLUS/Shell/Default/Plugins
perl/lib/Carp
perl/lib/Class
perl/lib/Compress
perl/lib/Compress/Raw
perl/lib/Config
perl/lib/DBM_Filter
perl/lib/Data
perl/lib/Devel
perl/lib/Digest
perl/lib/Encode
perl/lib/Encode/CN
perl/lib/Encode/JP
perl/lib/Encode/KR
perl/lib/Encode/MIME
perl/lib/Encode/MIME/Header
perl/lib/Encode/Unicode
perl/lib/Exporter
perl/lib/ExtUtils
perl/lib/ExtUtils/CBuilder
perl/lib/ExtUtils/CBuilder/Platform
perl/lib/ExtUtils/Command
perl/lib/ExtUtils/Constant
perl/lib/ExtUtils/Liblist
perl/lib/ExtUtils/MakeMaker
perl/lib/File
perl/lib/File/Spec
perl/lib/Filter
perl/lib/Filter/Util
perl/lib/Getopt
perl/lib/Hash
perl/lib/Hash/Util
perl/lib/I18N
perl/lib/I18N/LangTags
perl/lib/IO
perl/lib/IO/Compress
perl/lib/IO/Compress/Adapter
perl/lib/IO/Compress/Base
perl/lib/IO/Compress/Gzip
perl/lib/IO/Compress/Zip
perl/lib/IO/Compress/Zlib
perl/lib/IO/Socket
perl/lib/IO/Uncompress
perl/lib/IO/Uncompress/Adapter
perl/lib/IPC
perl/lib/List
perl/lib/Locale
perl/lib/Locale/Maketext
perl/lib/Log
perl/lib/Log/Message
perl/lib/MIME
perl/lib/Math
perl/lib/Math/BigFloat
perl/lib/Math/BigInt
perl/lib/Memoize
perl/lib/Module
perl/lib/Module/Build
perl/lib/Module/Build/Platform
perl/lib/Module/Load
perl/lib/Module/Pluggable
perl/lib/Net
perl/lib/Net/FTP
perl/lib/Object
perl/lib/Package
perl/lib/Params
perl/lib/PerlIO
perl/lib/PerlIO/via
perl/lib/Pod
perl/lib/Pod/Perldoc
perl/lib/Pod/Simple
perl/lib/Pod/Text
perl/lib/Scalar
perl/lib/Search
perl/lib/Sys
perl/lib/Term
perl/lib/Term/UI
perl/lib/Test
perl/lib/Test/Builder
perl/lib/Test/Builder/Tester
perl/lib/Test/Harness
perl/lib/Text
perl/lib/Thread
perl/lib/Tie
perl/lib/Tie/Hash
perl/lib/Time
perl/lib/Unicode
perl/lib/Unicode/Collate
perl/lib/User
perl/lib/Win32API
perl/lib/Win32API/File
perl/lib/auto/B
perl/lib/auto/Compress/Raw/Zlib
perl/lib/auto/Compress/Zlib
perl/lib/auto/Cwd
perl/lib/auto/Data/Dumper
perl/lib/auto/Devel/DProf
perl/lib/auto/Devel/PPPort
perl/lib/auto/Devel/Peek
perl/lib/auto/Digest/MD5
perl/lib/auto/Digest/SHA
perl/lib/auto/DynaLoader
perl/lib/auto/Encode
perl/lib/auto/Encode/Byte
perl/lib/auto/Encode/CN
perl/lib/auto/Encode/EBCDIC
perl/lib/auto/Encode/JP
perl/lib/auto/Encode/KR
perl/lib/auto/Encode/Symbol
perl/lib/auto/Encode/TW
perl/lib/auto/Encode/Unicode
perl/lib/auto/Fcntl
perl/lib/auto/File/Glob
perl/lib/auto/Filter/Util/Call
perl/lib/auto/Hash/Util
perl/lib/auto/Hash/Util/FieldHash
perl/lib/auto/IO
perl/lib/auto/List/Util
perl/lib/auto/MIME/Base64
perl/lib/auto/Math/BigInt/FastCalc
perl/lib/auto/Opcode
perl/lib/auto/POSIX
perl/lib/auto/POSIX/SigAction
perl/lib/auto/POSIX/SigRt
perl/lib/auto/PerlIO/encoding
perl/lib/auto/PerlIO/scalar
perl/lib/auto/PerlIO/via
perl/lib/auto/SDBM_File
perl/lib/auto/Socket
perl/lib/auto/Storable
perl/lib/auto/Sys/Hostname
perl/lib/auto/Text/Soundex
perl/lib/auto/Time/HiRes
perl/lib/auto/Time/Piece
perl/lib/auto/Unicode/Normalize
perl/lib/auto/Win32
perl/lib/auto/Win32API/File
perl/lib/auto/Win32CORE
perl/lib/auto/attrs
perl/lib/auto/re
perl/lib/auto/sdbm
perl/lib/auto/threads
perl/lib/auto/threads/shared
perl/lib/encoding
perl/lib/pods
perl/lib/threads
perl/lib/unicore
perl/lib/unicore/To
perl/lib/unicore/lib/bc
perl/lib/unicore/lib/ccc
perl/lib/unicore/lib/dt
perl/lib/unicore/lib/ea
perl/lib/unicore/lib/gc_sc
perl/lib/unicore/lib/hst
perl/lib/unicore/lib/jt
perl/lib/unicore/lib/lb
perl/lib/unicore/lib/nt
perl/lib/warnings
perl/lib_tmp
perl/modules_lib_tmp
perl/site/lib
perl/site/lib/Apache
perl/site/lib/Bundle
perl/site/lib/DBD
perl/site/lib/DBD/Gofer/Policy
perl/site/lib/DBD/Gofer/Transport
perl/site/lib/DBD/Oracle
perl/site/lib/DBI
perl/site/lib/DBI/Const
perl/site/lib/DBI/Const/GetInfo
perl/site/lib/DBI/DBD
perl/site/lib/DBI/Gofer
perl/site/lib/DBI/Gofer/Serializer
perl/site/lib/DBI/Gofer/Transport
perl/site/lib/DBI/ProfileDumper
perl/site/lib/DBI/SQL
perl/site/lib/DBI/Util
perl/site/lib/Devel
perl/site/lib/Devel/Symdump
perl/site/lib/Digest
perl/site/lib/File
perl/site/lib/HTML
perl/site/lib/HTTP
perl/site/lib/HTTP/Cookies
perl/site/lib/HTTP/Headers
perl/site/lib/HTTP/Request
perl/site/lib/LWP
perl/site/lib/LWP/Authen
perl/site/lib/LWP/Protocol
perl/site/lib/Mail
perl/site/lib/Mail/Sender/CType
perl/site/lib/Net
perl/site/lib/Net/Daemon
perl/site/lib/Net/HTTP
perl/site/lib/RPC
perl/site/lib/RPC/PlClient
perl/site/lib/RPC/PlServer
perl/site/lib/URI
perl/site/lib/URI/file
perl/site/lib/URI/urn
perl/site/lib/WWW
perl/site/lib/WWW/RobotRules
perl/site/lib/Win32
perl/site/lib/Win32/OLE
perl/site/lib/Win32API
perl/site/lib/Win32API/Registry
perl/site/lib/XML
perl/site/lib/XML/Parser
perl/site/lib/XML/Parser/Encodings
perl/site/lib/XML/Parser/Style
perl/site/lib/auto/DBD/Oracle
perl/site/lib/auto/DBI
perl/site/lib/auto/Digest/MD2
perl/site/lib/auto/Digest/SHA1
perl/site/lib/auto/HTML/Parser
perl/site/lib/auto/Win32/ChangeNotify
perl/site/lib/auto/Win32/Clipboard
perl/site/lib/auto/Win32/Console
perl/site/lib/auto/Win32/Event
perl/site/lib/auto/Win32/EventLog
perl/site/lib/auto/Win32/File
perl/site/lib/auto/Win32/FileSecurity
perl/site/lib/auto/Win32/IPC
perl/site/lib/auto/Win32/Internet
perl/site/lib/auto/Win32/Job
perl/site/lib/auto/Win32/Mutex
perl/site/lib/auto/Win32/NetAdmin
perl/site/lib/auto/Win32/NetResource
perl/site/lib/auto/Win32/ODBC
perl/site/lib/auto/Win32/OLE
perl/site/lib/auto/Win32/PerfLib
perl/site/lib/auto/Win32/Pipe
perl/site/lib/auto/Win32/Process
perl/site/lib/auto/Win32/Registry
perl/site/lib/auto/Win32/Semaphore
perl/site/lib/auto/Win32/Service
perl/site/lib/auto/Win32/Shortcut
perl/site/lib/auto/Win32/Sound
perl/site/lib/auto/Win32/WinError
perl/site/lib/auto/Win32API/Net
perl/site/lib/auto/Win32API/Registry
perl/site/lib/auto/XML/Parser/Expat
plsql
plsql/bin
plsql/include
plsql/mesg
precomp/LIB
precomp/admin
precomp/doc/proc
precomp/doc/procob2
precomp/lib
precomp/lib/msvc
precomp/mesg
precomp/public
racg/mesg
rdbms/admin
rdbms/install/sbs
rdbms/jlib
rdbms/mesg
rdbms/public
relnotes/oo4o
relnotes/precomp
relnotes/readmes
relnotes/sqlj
slax/mesg
sqldeveloper
sqldeveloper/BC4J/lib
sqldeveloper/dvt/lib
sqldeveloper/ide/bin
sqldeveloper/ide/doc/extension
sqldeveloper/ide/extensions
sqldeveloper/ide/lib
sqldeveloper/ide/processor-plugins
sqldeveloper/ide/src
sqldeveloper/ide/themes
sqldeveloper/j2ee/home/lib
sqldeveloper/jdbc/lib
sqldeveloper/jdev/bin
sqldeveloper/jdev/doc/extension
sqldeveloper/jdev/extensions
sqldeveloper/jdev/extensions/oracle.jdeveloper.subversion
sqldeveloper/jdev/extensions/oracle.jdeveloper.subversion/licenses
sqldeveloper/jdev/lib
sqldeveloper/jlib
sqldeveloper/lib
sqldeveloper/lib/java/shared/oracle.javatools/11.1.1.0.0
sqldeveloper/rdbms/jlib
sqldeveloper/sqldeveloper/bin
sqldeveloper/sqldeveloper/doc
sqldeveloper/sqldeveloper/extensions
sqldeveloper/sqldeveloper/lib
sqldeveloper/sqldeveloper/searchengines
sqldeveloper/timingframework
sqlj/doc/runtime/javadoc
sqlj/doc/runtime/javadoc/oracle/sql
sqlj/doc/runtime/javadoc/oracle/sqlj/runtime
sqlj/doc/runtime/javadoc/sqlj/runtime
sqlj/doc/runtime/javadoc/sqlj/runtime/ref
sqlj/lib
sqlplus/admin
sqlplus/admin/help
sqlplus/doc
sqlplus/mesg
srvm/admin
srvm/jlib
srvm/mesg
sysman/admin
sysman/admin/dtds
sysman/admin/scripts
sysman/admin/scripts/emca
sysman/config
sysman/install
sysman/jlib
sysman/jlib/em_intg_jlib
ucp
ucp/lib
uix/cabo/WEB-INF
uix/taglib
utl
wwg/admin/help
wwg/admin/images
xdk
xdk/admin
xdk/doc
xdk/doc/cpp/classgen
xdk/doc/images
xdk/doc/java/transx
xdk/doc/java/xsql
xdk/doc/java/xsql/images
xdk/include
xdk/mesg
